// Vitest Snapshot v1, https://vitest.dev/guide/snapshot.html

exports[`link changes the class when hovered 1`] = `
<button
  type="button"
>
  Yuns
</button>
`;
